Received a request from user1 to send the message hello there to user2.
Received a request from user1 to send the message see you later to user2.
Received a request from user2 to send the message nice to meet you! to user1.
Received a request from user2 to send the message bye to user1.
Exiting....
