Incoming message from user1: hello there
Incoming message from user1: see you later
Exiting....
