Incoming message from user2: nice to meet you!
Incoming message from user2: bye
Exiting....
